2025-04-13 19:43:26.125  INFO 20940 --- [restartedMain] c.e.paymybuddy.PaymybuddyApplication     : Starting PaymybuddyApplication using Java 17.0.6 on LAPTOP-PN5D3RE4 with PID 20940 (D:\prog_web\prog\Project 6\Practice\my_project\portfolio\code production\target\classes started by igoro in D:\prog_web\prog\Project 6\Practice\my_project\portfolio\code production)
2025-04-13 19:43:26.131  INFO 20940 --- [restartedMain] c.e.paymybuddy.PaymybuddyApplication     : The following 1 profile is active: "dev"
2025-04-13 19:43:26.180  INFO 20940 --- [restartedMain] .e.DevToolsPropertyDefaultsPostProcessor : Devtools property defaults active! Set 'spring.devtools.add-properties' to 'false' to disable
2025-04-13 19:43:26.180  INFO 20940 --- [restartedMain] .e.DevToolsPropertyDefaultsPostProcessor : For additional web related logging consider setting the 'logging.level.web' property to 'DEBUG'
2025-04-13 19:43:26.677  INFO 20940 --- [restartedMain] .s.d.r.c.RepositoryConfigurationDelegate : Multiple Spring Data modules found, entering strict repository configuration mode
2025-04-13 19:43:26.678  INFO 20940 --- [restartedMain] .s.d.r.c.RepositoryConfigurationDelegate : Bootstrapping Spring Data JDBC repositories in DEFAULT mode.
2025-04-13 19:43:26.698  INFO 20940 --- [restartedMain] .RepositoryConfigurationExtensionSupport : Spring Data JDBC - Could not safely identify store assignment for repository candidate interface com.example.paymybuddy.dao.IContactRepository; If you want this repository to be a JDBC repository, consider annotating your entities with one of these annotations: org.springframework.data.relational.core.mapping.Table.
2025-04-13 19:43:26.700  INFO 20940 --- [restartedMain] .RepositoryConfigurationExtensionSupport : Spring Data JDBC - Could not safely identify store assignment for repository candidate interface com.example.paymybuddy.dao.IRefillBalanceRepository; If you want this repository to be a JDBC repository, consider annotating your entities with one of these annotations: org.springframework.data.relational.core.mapping.Table.
2025-04-13 19:43:26.701  INFO 20940 --- [restartedMain] .RepositoryConfigurationExtensionSupport : Spring Data JDBC - Could not safely identify store assignment for repository candidate interface com.example.paymybuddy.dao.ITransactionRepository; If you want this repository to be a JDBC repository, consider annotating your entities with one of these annotations: org.springframework.data.relational.core.mapping.Table.
2025-04-13 19:43:26.702  INFO 20940 --- [restartedMain] .RepositoryConfigurationExtensionSupport : Spring Data JDBC - Could not safely identify store assignment for repository candidate interface com.example.paymybuddy.dao.IUserListRepository; If you want this repository to be a JDBC repository, consider annotating your entities with one of these annotations: org.springframework.data.relational.core.mapping.Table.
2025-04-13 19:43:26.702  INFO 20940 --- [restartedMain] .RepositoryConfigurationExtensionSupport : Spring Data JDBC - Could not safely identify store assignment for repository candidate interface com.example.paymybuddy.dao.IUserRepository; If you want this repository to be a JDBC repository, consider annotating your entities with one of these annotations: org.springframework.data.relational.core.mapping.Table.
2025-04-13 19:43:26.704  INFO 20940 --- [restartedMain] .s.d.r.c.RepositoryConfigurationDelegate : Finished Spring Data repository scanning in 22 ms. Found 0 JDBC repository interfaces.
2025-04-13 19:43:26.709  INFO 20940 --- [restartedMain] .s.d.r.c.RepositoryConfigurationDelegate : Multiple Spring Data modules found, entering strict repository configuration mode
2025-04-13 19:43:26.710  INFO 20940 --- [restartedMain] .s.d.r.c.RepositoryConfigurationDelegate : Bootstrapping Spring Data JPA repositories in DEFAULT mode.
2025-04-13 19:43:26.738  INFO 20940 --- [restartedMain] .s.d.r.c.RepositoryConfigurationDelegate : Finished Spring Data repository scanning in 23 ms. Found 5 JPA repository interfaces.
2025-04-13 19:43:27.198  INFO 20940 --- [restartedMain] o.s.b.w.embedded.tomcat.TomcatWebServer  : Tomcat initialized with port(s): 8085 (http)
2025-04-13 19:43:27.208  INFO 20940 --- [restartedMain] o.apache.catalina.core.StandardService   : Starting service [Tomcat]
2025-04-13 19:43:27.208  INFO 20940 --- [restartedMain] org.apache.catalina.core.StandardEngine  : Starting Servlet engine: [Apache Tomcat/9.0.71]
2025-04-13 19:43:27.291  INFO 20940 --- [restartedMain] o.a.c.c.C.[Tomcat].[localhost].[/]       : Initializing Spring embedded WebApplicationContext
2025-04-13 19:43:27.291  INFO 20940 --- [restartedMain] w.s.c.ServletWebServerApplicationContext : Root WebApplicationContext: initialization completed in 1110 ms
2025-04-13 19:43:27.312  INFO 20940 --- [restartedMain] com.zaxxer.hikari.HikariDataSource       : HikariPool-1 - Starting...
2025-04-13 19:43:27.627  INFO 20940 --- [restartedMain] com.zaxxer.hikari.HikariDataSource       : HikariPool-1 - Start completed.
2025-04-13 19:43:27.634  INFO 20940 --- [restartedMain] o.s.b.a.h2.H2ConsoleAutoConfiguration    : H2 console available at '/h2-console'. Database available at 'jdbc:mysql://localhost:3306/dbpaymybuddy'
2025-04-13 19:43:27.726  INFO 20940 --- [restartedMain] o.hibernate.jpa.internal.util.LogHelper  : HHH000204: Processing PersistenceUnitInfo [name: default]
2025-04-13 19:43:27.785  INFO 20940 --- [restartedMain] org.hibernate.Version                    : HHH000412: Hibernate ORM core version 5.6.15.Final
2025-04-13 19:43:27.930  INFO 20940 --- [restartedMain] o.hibernate.annotations.common.Version   : HCANN000001: Hibernate Commons Annotations {5.1.2.Final}
2025-04-13 19:43:28.028  INFO 20940 --- [restartedMain] org.hibernate.dialect.Dialect            : HHH000400: Using dialect: org.hibernate.dialect.MySQL5Dialect
2025-04-13 19:43:28.505  INFO 20940 --- [restartedMain] o.h.e.t.j.p.i.JtaPlatformInitiator       : HHH000490: Using JtaPlatform implementation: [org.hibernate.engine.transaction.jta.platform.internal.NoJtaPlatform]
2025-04-13 19:43:28.512  INFO 20940 --- [restartedMain] j.LocalContainerEntityManagerFactoryBean : Initialized JPA EntityManagerFactory for persistence unit 'default'
2025-04-13 19:43:28.850  WARN 20940 --- [restartedMain] JpaBaseConfiguration$JpaWebConfiguration : spring.jpa.open-in-view is enabled by default. Therefore, database queries may be performed during view rendering. Explicitly configure spring.jpa.open-in-view to disable this warning
2025-04-13 19:43:28.918  WARN 20940 --- [restartedMain] o.s.s.c.a.web.builders.WebSecurity       : You are asking Spring Security to ignore Ant [pattern='/resources/**']. This is not recommended -- please use permitAll via HttpSecurity#authorizeHttpRequests instead.
2025-04-13 19:43:28.918  INFO 20940 --- [restartedMain] o.s.s.web.DefaultSecurityFilterChain     : Will not secure Ant [pattern='/resources/**']
2025-04-13 19:43:28.919  WARN 20940 --- [restartedMain] o.s.s.c.a.web.builders.WebSecurity       : You are asking Spring Security to ignore Ant [pattern='/static/**']. This is not recommended -- please use permitAll via HttpSecurity#authorizeHttpRequests instead.
2025-04-13 19:43:28.919  INFO 20940 --- [restartedMain] o.s.s.web.DefaultSecurityFilterChain     : Will not secure Ant [pattern='/static/**']
2025-04-13 19:43:28.919  WARN 20940 --- [restartedMain] o.s.s.c.a.web.builders.WebSecurity       : You are asking Spring Security to ignore Ant [pattern='/static/fonts/**']. This is not recommended -- please use permitAll via HttpSecurity#authorizeHttpRequests instead.
2025-04-13 19:43:28.919  INFO 20940 --- [restartedMain] o.s.s.web.DefaultSecurityFilterChain     : Will not secure Ant [pattern='/static/fonts/**']
2025-04-13 19:43:28.919  WARN 20940 --- [restartedMain] o.s.s.c.a.web.builders.WebSecurity       : You are asking Spring Security to ignore Ant [pattern='/error']. This is not recommended -- please use permitAll via HttpSecurity#authorizeHttpRequests instead.
2025-04-13 19:43:28.919  INFO 20940 --- [restartedMain] o.s.s.web.DefaultSecurityFilterChain     : Will not secure Ant [pattern='/error']
2025-04-13 19:43:28.951  INFO 20940 --- [restartedMain] o.s.s.web.DefaultSecurityFilterChain     : Will secure any request with [org.springframework.security.web.session.DisableEncodeUrlFilter@4719f2, org.springframework.security.web.context.request.async.WebAsyncManagerIntegrationFilter@7931b630, org.springframework.security.web.context.SecurityContextPersistenceFilter@774fa3b0, org.springframework.security.web.header.HeaderWriterFilter@186bb067, org.springframework.security.web.csrf.CsrfFilter@98c498f, org.springframework.security.web.authentication.logout.LogoutFilter@36d865db, org.springframework.security.web.authentication.UsernamePasswordAuthenticationFilter@22b4c435, org.springframework.security.web.savedrequest.RequestCacheAwareFilter@3882157d, org.springframework.security.web.servletapi.SecurityContextHolderAwareRequestFilter@2c4f4023, org.springframework.security.web.authentication.rememberme.RememberMeAuthenticationFilter@4982a0ec, org.springframework.security.web.authentication.AnonymousAuthenticationFilter@2568ec3a, org.springframework.security.web.session.SessionManagementFilter@c30cc15, org.springframework.security.web.access.ExceptionTranslationFilter@3ed9c269, org.springframework.security.web.access.intercept.FilterSecurityInterceptor@8f6809b]
2025-04-13 19:43:29.263  INFO 20940 --- [restartedMain] o.s.b.d.a.OptionalLiveReloadServer       : LiveReload server is running on port 35729
2025-04-13 19:43:29.297  INFO 20940 --- [restartedMain] o.s.b.w.embedded.tomcat.TomcatWebServer  : Tomcat started on port(s): 8085 (http) with context path ''
2025-04-13 19:43:29.305  INFO 20940 --- [restartedMain] c.e.paymybuddy.PaymybuddyApplication     : Started PaymybuddyApplication in 3.475 seconds (JVM running for 12.788)
2025-04-13 19:44:02.742  INFO 20940 --- [http-nio-8085-exec-1] o.a.c.c.C.[Tomcat].[localhost].[/]       : Initializing Spring DispatcherServlet 'dispatcherServlet'
2025-04-13 19:44:02.742  INFO 20940 --- [http-nio-8085-exec-1] o.s.web.servlet.DispatcherServlet        : Initializing Servlet 'dispatcherServlet'
2025-04-13 19:44:02.743  INFO 20940 --- [http-nio-8085-exec-1] o.s.web.servlet.DispatcherServlet        : Completed initialization in 1 ms
2025-04-13 19:44:02.849  INFO 20940 --- [http-nio-8085-exec-2] c.e.p.controller.SecurityController      : Controller: Displaying login form
2025-04-13 19:44:03.211  INFO 20940 --- [http-nio-8085-exec-6] c.e.p.controller.SecurityController      : Controller: Displaying login form
2025-04-13 19:44:03.242  INFO 20940 --- [http-nio-8085-exec-7] c.e.p.controller.SecurityController      : Controller: Displaying login form
2025-04-13 19:44:22.565  INFO 20940 --- [http-nio-8085-exec-3] c.e.p.controller.HomeController          : Controller: Success. HTTP GET request received at /home URL.Curent user: igor@gmail.com
2025-04-13 19:44:22.684  INFO 20940 --- [http-nio-8085-exec-7] c.e.p.controller.HomeController          : Controller: Success. HTTP GET request received at /home URL.Curent user: igor@gmail.com
2025-04-13 19:45:10.358  INFO 20940 --- [http-nio-8085-exec-5] c.e.p.controller.TransactionController   : Controller: Success. HTTP GET request received at /transaction URL
2025-04-13 19:45:14.827  INFO 20940 --- [http-nio-8085-exec-1] c.e.p.controller.TransactionController   : Controller: Success. HTTP GET request received at /transaction URL
2025-04-13 19:47:29.674  INFO 20940 --- [http-nio-8085-exec-10] c.e.p.controller.SecurityController      : Controller: Displaying login form
2025-04-13 19:47:32.052  INFO 20940 --- [http-nio-8085-exec-6] c.e.p.controller.SecurityController      : Controller: Displaying login form
2025-04-13 19:47:32.135  INFO 20940 --- [http-nio-8085-exec-3] c.e.p.controller.SecurityController      : Controller: Displaying login form
2025-04-13 19:47:32.176  INFO 20940 --- [http-nio-8085-exec-5] c.e.p.controller.SecurityController      : Controller: Displaying login form
2025-04-13 19:47:49.190  INFO 20940 --- [http-nio-8085-exec-9] c.e.p.controller.HomeController          : Controller: Success. HTTP GET request received at /home URL.Curent user: igor@gmail.com
2025-04-13 19:47:49.290  INFO 20940 --- [http-nio-8085-exec-9] c.e.p.controller.HomeController          : Controller: Success. HTTP GET request received at /home URL.Curent user: igor@gmail.com
2025-04-13 19:49:07.934  INFO 20940 --- [SpringApplicationShutdownHook] j.LocalContainerEntityManagerFactoryBean : Closing JPA EntityManagerFactory for persistence unit 'default'
2025-04-13 19:49:07.937  INFO 20940 --- [SpringApplicationShutdownHook] com.zaxxer.hikari.HikariDataSource       : HikariPool-1 - Shutdown initiated...
2025-04-13 19:49:07.944  INFO 20940 --- [SpringApplicationShutdownHook] com.zaxxer.hikari.HikariDataSource       : HikariPool-1 - Shutdown completed.
2025-04-13 19:49:10.131  INFO 26844 --- [restartedMain] c.e.paymybuddy.PaymybuddyApplication     : Starting PaymybuddyApplication using Java 17.0.6 on LAPTOP-PN5D3RE4 with PID 26844 (D:\prog_web\prog\Project 6\Practice\my_project\portfolio\code production\target\classes started by igoro in D:\prog_web\prog\Project 6\Practice\my_project\portfolio\code production)
2025-04-13 19:49:10.134  INFO 26844 --- [restartedMain] c.e.paymybuddy.PaymybuddyApplication     : The following 1 profile is active: "dev"
2025-04-13 19:49:10.176  INFO 26844 --- [restartedMain] .e.DevToolsPropertyDefaultsPostProcessor : Devtools property defaults active! Set 'spring.devtools.add-properties' to 'false' to disable
2025-04-13 19:49:10.176  INFO 26844 --- [restartedMain] .e.DevToolsPropertyDefaultsPostProcessor : For additional web related logging consider setting the 'logging.level.web' property to 'DEBUG'
2025-04-13 19:49:10.656  INFO 26844 --- [restartedMain] .s.d.r.c.RepositoryConfigurationDelegate : Multiple Spring Data modules found, entering strict repository configuration mode
2025-04-13 19:49:10.657  INFO 26844 --- [restartedMain] .s.d.r.c.RepositoryConfigurationDelegate : Bootstrapping Spring Data JDBC repositories in DEFAULT mode.
2025-04-13 19:49:10.677  INFO 26844 --- [restartedMain] .RepositoryConfigurationExtensionSupport : Spring Data JDBC - Could not safely identify store assignment for repository candidate interface com.example.paymybuddy.dao.IContactRepository; If you want this repository to be a JDBC repository, consider annotating your entities with one of these annotations: org.springframework.data.relational.core.mapping.Table.
2025-04-13 19:49:10.678  INFO 26844 --- [restartedMain] .RepositoryConfigurationExtensionSupport : Spring Data JDBC - Could not safely identify store assignment for repository candidate interface com.example.paymybuddy.dao.IRefillBalanceRepository; If you want this repository to be a JDBC repository, consider annotating your entities with one of these annotations: org.springframework.data.relational.core.mapping.Table.
2025-04-13 19:49:10.679  INFO 26844 --- [restartedMain] .RepositoryConfigurationExtensionSupport : Spring Data JDBC - Could not safely identify store assignment for repository candidate interface com.example.paymybuddy.dao.ITransactionRepository; If you want this repository to be a JDBC repository, consider annotating your entities with one of these annotations: org.springframework.data.relational.core.mapping.Table.
2025-04-13 19:49:10.681  INFO 26844 --- [restartedMain] .RepositoryConfigurationExtensionSupport : Spring Data JDBC - Could not safely identify store assignment for repository candidate interface com.example.paymybuddy.dao.IUserListRepository; If you want this repository to be a JDBC repository, consider annotating your entities with one of these annotations: org.springframework.data.relational.core.mapping.Table.
2025-04-13 19:49:10.681  INFO 26844 --- [restartedMain] .RepositoryConfigurationExtensionSupport : Spring Data JDBC - Could not safely identify store assignment for repository candidate interface com.example.paymybuddy.dao.IUserRepository; If you want this repository to be a JDBC repository, consider annotating your entities with one of these annotations: org.springframework.data.relational.core.mapping.Table.
2025-04-13 19:49:10.682  INFO 26844 --- [restartedMain] .s.d.r.c.RepositoryConfigurationDelegate : Finished Spring Data repository scanning in 21 ms. Found 0 JDBC repository interfaces.
2025-04-13 19:49:10.687  INFO 26844 --- [restartedMain] .s.d.r.c.RepositoryConfigurationDelegate : Multiple Spring Data modules found, entering strict repository configuration mode
2025-04-13 19:49:10.688  INFO 26844 --- [restartedMain] .s.d.r.c.RepositoryConfigurationDelegate : Bootstrapping Spring Data JPA repositories in DEFAULT mode.
2025-04-13 19:49:10.713  INFO 26844 --- [restartedMain] .s.d.r.c.RepositoryConfigurationDelegate : Finished Spring Data repository scanning in 22 ms. Found 5 JPA repository interfaces.
2025-04-13 19:49:11.119  INFO 26844 --- [restartedMain] o.s.b.w.embedded.tomcat.TomcatWebServer  : Tomcat initialized with port(s): 8085 (http)
2025-04-13 19:49:11.125  INFO 26844 --- [restartedMain] o.apache.catalina.core.StandardService   : Starting service [Tomcat]
2025-04-13 19:49:11.126  INFO 26844 --- [restartedMain] org.apache.catalina.core.StandardEngine  : Starting Servlet engine: [Apache Tomcat/9.0.71]
2025-04-13 19:49:11.199  INFO 26844 --- [restartedMain] o.a.c.c.C.[Tomcat].[localhost].[/]       : Initializing Spring embedded WebApplicationContext
2025-04-13 19:49:11.199  INFO 26844 --- [restartedMain] w.s.c.ServletWebServerApplicationContext : Root WebApplicationContext: initialization completed in 1023 ms
2025-04-13 19:49:11.219  INFO 26844 --- [restartedMain] com.zaxxer.hikari.HikariDataSource       : HikariPool-1 - Starting...
2025-04-13 19:49:11.430  INFO 26844 --- [restartedMain] com.zaxxer.hikari.HikariDataSource       : HikariPool-1 - Start completed.
2025-04-13 19:49:11.436  INFO 26844 --- [restartedMain] o.s.b.a.h2.H2ConsoleAutoConfiguration    : H2 console available at '/h2-console'. Database available at 'jdbc:mysql://localhost:3306/dbpaymybuddy'
2025-04-13 19:49:11.530  INFO 26844 --- [restartedMain] o.hibernate.jpa.internal.util.LogHelper  : HHH000204: Processing PersistenceUnitInfo [name: default]
2025-04-13 19:49:11.572  INFO 26844 --- [restartedMain] org.hibernate.Version                    : HHH000412: Hibernate ORM core version 5.6.15.Final
2025-04-13 19:49:11.697  INFO 26844 --- [restartedMain] o.hibernate.annotations.common.Version   : HCANN000001: Hibernate Commons Annotations {5.1.2.Final}
2025-04-13 19:49:11.773  INFO 26844 --- [restartedMain] org.hibernate.dialect.Dialect            : HHH000400: Using dialect: org.hibernate.dialect.MySQL5Dialect
2025-04-13 19:49:12.217  INFO 26844 --- [restartedMain] o.h.e.t.j.p.i.JtaPlatformInitiator       : HHH000490: Using JtaPlatform implementation: [org.hibernate.engine.transaction.jta.platform.internal.NoJtaPlatform]
2025-04-13 19:49:12.225  INFO 26844 --- [restartedMain] j.LocalContainerEntityManagerFactoryBean : Initialized JPA EntityManagerFactory for persistence unit 'default'
2025-04-13 19:49:12.606  WARN 26844 --- [restartedMain] JpaBaseConfiguration$JpaWebConfiguration : spring.jpa.open-in-view is enabled by default. Therefore, database queries may be performed during view rendering. Explicitly configure spring.jpa.open-in-view to disable this warning
2025-04-13 19:49:12.682  WARN 26844 --- [restartedMain] o.s.s.c.a.web.builders.WebSecurity       : You are asking Spring Security to ignore Ant [pattern='/resources/**']. This is not recommended -- please use permitAll via HttpSecurity#authorizeHttpRequests instead.
2025-04-13 19:49:12.683  INFO 26844 --- [restartedMain] o.s.s.web.DefaultSecurityFilterChain     : Will not secure Ant [pattern='/resources/**']
2025-04-13 19:49:12.683  WARN 26844 --- [restartedMain] o.s.s.c.a.web.builders.WebSecurity       : You are asking Spring Security to ignore Ant [pattern='/static/**']. This is not recommended -- please use permitAll via HttpSecurity#authorizeHttpRequests instead.
2025-04-13 19:49:12.683  INFO 26844 --- [restartedMain] o.s.s.web.DefaultSecurityFilterChain     : Will not secure Ant [pattern='/static/**']
2025-04-13 19:49:12.683  WARN 26844 --- [restartedMain] o.s.s.c.a.web.builders.WebSecurity       : You are asking Spring Security to ignore Ant [pattern='/static/fonts/**']. This is not recommended -- please use permitAll via HttpSecurity#authorizeHttpRequests instead.
2025-04-13 19:49:12.684  INFO 26844 --- [restartedMain] o.s.s.web.DefaultSecurityFilterChain     : Will not secure Ant [pattern='/static/fonts/**']
2025-04-13 19:49:12.684  WARN 26844 --- [restartedMain] o.s.s.c.a.web.builders.WebSecurity       : You are asking Spring Security to ignore Ant [pattern='/error']. This is not recommended -- please use permitAll via HttpSecurity#authorizeHttpRequests instead.
2025-04-13 19:49:12.684  INFO 26844 --- [restartedMain] o.s.s.web.DefaultSecurityFilterChain     : Will not secure Ant [pattern='/error']
2025-04-13 19:49:12.721  INFO 26844 --- [restartedMain] o.s.s.web.DefaultSecurityFilterChain     : Will secure any request with [org.springframework.security.web.session.DisableEncodeUrlFilter@334e7368, org.springframework.security.web.context.request.async.WebAsyncManagerIntegrationFilter@2624fe56, org.springframework.security.web.context.SecurityContextPersistenceFilter@6dd08395, org.springframework.security.web.header.HeaderWriterFilter@2ca192a1, org.springframework.security.web.csrf.CsrfFilter@60db37b4, org.springframework.security.web.authentication.logout.LogoutFilter@279d3da9, org.springframework.security.web.authentication.UsernamePasswordAuthenticationFilter@3c7915a, org.springframework.security.web.savedrequest.RequestCacheAwareFilter@1f2b4578, org.springframework.security.web.servletapi.SecurityContextHolderAwareRequestFilter@3fa5cd19, org.springframework.security.web.authentication.rememberme.RememberMeAuthenticationFilter@8be7c14, org.springframework.security.web.authentication.AnonymousAuthenticationFilter@5d81785a, org.springframework.security.web.session.SessionManagementFilter@4c7fad4, org.springframework.security.web.access.ExceptionTranslationFilter@3972c071, org.springframework.security.web.access.intercept.FilterSecurityInterceptor@57bc7d3b]
2025-04-13 19:49:13.018  INFO 26844 --- [restartedMain] o.s.b.d.a.OptionalLiveReloadServer       : LiveReload server is running on port 35729
2025-04-13 19:49:13.056  INFO 26844 --- [restartedMain] o.s.b.w.embedded.tomcat.TomcatWebServer  : Tomcat started on port(s): 8085 (http) with context path ''
2025-04-13 19:49:13.064  INFO 26844 --- [restartedMain] c.e.paymybuddy.PaymybuddyApplication     : Started PaymybuddyApplication in 3.236 seconds (JVM running for 3.827)
2025-04-13 19:50:21.188  INFO 26844 --- [http-nio-8085-exec-1] o.a.c.c.C.[Tomcat].[localhost].[/]       : Initializing Spring DispatcherServlet 'dispatcherServlet'
2025-04-13 19:50:21.188  INFO 26844 --- [http-nio-8085-exec-1] o.s.web.servlet.DispatcherServlet        : Initializing Servlet 'dispatcherServlet'
2025-04-13 19:50:21.189  INFO 26844 --- [http-nio-8085-exec-1] o.s.web.servlet.DispatcherServlet        : Completed initialization in 1 ms
2025-04-13 19:50:21.369  INFO 26844 --- [http-nio-8085-exec-1] c.e.p.controller.HomeController          : Controller: Success. HTTP GET request received at /home URL.Curent user: igor@gmail.com
2025-04-13 19:50:21.673  INFO 26844 --- [http-nio-8085-exec-5] c.e.p.controller.HomeController          : Controller: Success. HTTP GET request received at /home URL.Curent user: igor@gmail.com
2025-04-13 19:50:27.852  INFO 26844 --- [http-nio-8085-exec-10] c.e.p.controller.HomeController          : Controller: Success. HTTP GET request received at /home URL.Curent user: igor@gmail.com
2025-04-13 19:50:27.922  INFO 26844 --- [http-nio-8085-exec-6] c.e.p.controller.HomeController          : Controller: Success. HTTP GET request received at /home URL.Curent user: igor@gmail.com
2025-04-13 19:50:30.122  INFO 26844 --- [http-nio-8085-exec-9] c.e.p.controller.TransactionController   : Controller: Success. HTTP GET request received at /transaction URL
2025-04-13 19:50:30.273  INFO 26844 --- [http-nio-8085-exec-10] c.e.p.controller.TransactionController   : Controller: Success. HTTP GET request received at /transaction URL
2025-04-13 19:50:31.806  INFO 26844 --- [http-nio-8085-exec-3] c.e.p.controller.HomeController          : Controller: Success. HTTP GET request received at /home URL.Curent user: igor@gmail.com
2025-04-13 19:50:31.917  INFO 26844 --- [http-nio-8085-exec-6] c.e.p.controller.HomeController          : Controller: Success. HTTP GET request received at /home URL.Curent user: igor@gmail.com
2025-04-13 19:55:05.443  INFO 26844 --- [SpringApplicationShutdownHook] j.LocalContainerEntityManagerFactoryBean : Closing JPA EntityManagerFactory for persistence unit 'default'
2025-04-13 19:55:05.446  INFO 26844 --- [SpringApplicationShutdownHook] com.zaxxer.hikari.HikariDataSource       : HikariPool-1 - Shutdown initiated...
2025-04-13 19:55:05.453  INFO 26844 --- [SpringApplicationShutdownHook] com.zaxxer.hikari.HikariDataSource       : HikariPool-1 - Shutdown completed.
2025-04-13 19:55:07.574  INFO 24836 --- [restartedMain] c.e.paymybuddy.PaymybuddyApplication     : Starting PaymybuddyApplication using Java 17.0.6 on LAPTOP-PN5D3RE4 with PID 24836 (D:\prog_web\prog\Project 6\Practice\my_project\portfolio\code production\target\classes started by igoro in D:\prog_web\prog\Project 6\Practice\my_project\portfolio\code production)
2025-04-13 19:55:07.576  INFO 24836 --- [restartedMain] c.e.paymybuddy.PaymybuddyApplication     : The following 1 profile is active: "dev"
2025-04-13 19:55:07.615  INFO 24836 --- [restartedMain] .e.DevToolsPropertyDefaultsPostProcessor : Devtools property defaults active! Set 'spring.devtools.add-properties' to 'false' to disable
2025-04-13 19:55:07.615  INFO 24836 --- [restartedMain] .e.DevToolsPropertyDefaultsPostProcessor : For additional web related logging consider setting the 'logging.level.web' property to 'DEBUG'
2025-04-13 19:55:08.084  INFO 24836 --- [restartedMain] .s.d.r.c.RepositoryConfigurationDelegate : Multiple Spring Data modules found, entering strict repository configuration mode
2025-04-13 19:55:08.084  INFO 24836 --- [restartedMain] .s.d.r.c.RepositoryConfigurationDelegate : Bootstrapping Spring Data JDBC repositories in DEFAULT mode.
2025-04-13 19:55:08.104  INFO 24836 --- [restartedMain] .RepositoryConfigurationExtensionSupport : Spring Data JDBC - Could not safely identify store assignment for repository candidate interface com.example.paymybuddy.dao.IContactRepository; If you want this repository to be a JDBC repository, consider annotating your entities with one of these annotations: org.springframework.data.relational.core.mapping.Table.
2025-04-13 19:55:08.105  INFO 24836 --- [restartedMain] .RepositoryConfigurationExtensionSupport : Spring Data JDBC - Could not safely identify store assignment for repository candidate interface com.example.paymybuddy.dao.IRefillBalanceRepository; If you want this repository to be a JDBC repository, consider annotating your entities with one of these annotations: org.springframework.data.relational.core.mapping.Table.
2025-04-13 19:55:08.107  INFO 24836 --- [restartedMain] .RepositoryConfigurationExtensionSupport : Spring Data JDBC - Could not safely identify store assignment for repository candidate interface com.example.paymybuddy.dao.ITransactionRepository; If you want this repository to be a JDBC repository, consider annotating your entities with one of these annotations: org.springframework.data.relational.core.mapping.Table.
2025-04-13 19:55:08.108  INFO 24836 --- [restartedMain] .RepositoryConfigurationExtensionSupport : Spring Data JDBC - Could not safely identify store assignment for repository candidate interface com.example.paymybuddy.dao.IUserListRepository; If you want this repository to be a JDBC repository, consider annotating your entities with one of these annotations: org.springframework.data.relational.core.mapping.Table.
2025-04-13 19:55:08.108  INFO 24836 --- [restartedMain] .RepositoryConfigurationExtensionSupport : Spring Data JDBC - Could not safely identify store assignment for repository candidate interface com.example.paymybuddy.dao.IUserRepository; If you want this repository to be a JDBC repository, consider annotating your entities with one of these annotations: org.springframework.data.relational.core.mapping.Table.
2025-04-13 19:55:08.109  INFO 24836 --- [restartedMain] .s.d.r.c.RepositoryConfigurationDelegate : Finished Spring Data repository scanning in 20 ms. Found 0 JDBC repository interfaces.
2025-04-13 19:55:08.114  INFO 24836 --- [restartedMain] .s.d.r.c.RepositoryConfigurationDelegate : Multiple Spring Data modules found, entering strict repository configuration mode
2025-04-13 19:55:08.115  INFO 24836 --- [restartedMain] .s.d.r.c.RepositoryConfigurationDelegate : Bootstrapping Spring Data JPA repositories in DEFAULT mode.
2025-04-13 19:55:08.139  INFO 24836 --- [restartedMain] .s.d.r.c.RepositoryConfigurationDelegate : Finished Spring Data repository scanning in 21 ms. Found 5 JPA repository interfaces.
2025-04-13 19:55:08.568  INFO 24836 --- [restartedMain] o.s.b.w.embedded.tomcat.TomcatWebServer  : Tomcat initialized with port(s): 8085 (http)
2025-04-13 19:55:08.575  INFO 24836 --- [restartedMain] o.apache.catalina.core.StandardService   : Starting service [Tomcat]
2025-04-13 19:55:08.575  INFO 24836 --- [restartedMain] org.apache.catalina.core.StandardEngine  : Starting Servlet engine: [Apache Tomcat/9.0.71]
2025-04-13 19:55:08.654  INFO 24836 --- [restartedMain] o.a.c.c.C.[Tomcat].[localhost].[/]       : Initializing Spring embedded WebApplicationContext
2025-04-13 19:55:08.654  INFO 24836 --- [restartedMain] w.s.c.ServletWebServerApplicationContext : Root WebApplicationContext: initialization completed in 1038 ms
2025-04-13 19:55:08.680  INFO 24836 --- [restartedMain] com.zaxxer.hikari.HikariDataSource       : HikariPool-1 - Starting...
2025-04-13 19:55:08.925  INFO 24836 --- [restartedMain] com.zaxxer.hikari.HikariDataSource       : HikariPool-1 - Start completed.
2025-04-13 19:55:08.936  INFO 24836 --- [restartedMain] o.s.b.a.h2.H2ConsoleAutoConfiguration    : H2 console available at '/h2-console'. Database available at 'jdbc:mysql://localhost:3306/dbpaymybuddy'
2025-04-13 19:55:09.063  INFO 24836 --- [restartedMain] o.hibernate.jpa.internal.util.LogHelper  : HHH000204: Processing PersistenceUnitInfo [name: default]
2025-04-13 19:55:09.113  INFO 24836 --- [restartedMain] org.hibernate.Version                    : HHH000412: Hibernate ORM core version 5.6.15.Final
2025-04-13 19:55:09.231  INFO 24836 --- [restartedMain] o.hibernate.annotations.common.Version   : HCANN000001: Hibernate Commons Annotations {5.1.2.Final}
2025-04-13 19:55:09.307  INFO 24836 --- [restartedMain] org.hibernate.dialect.Dialect            : HHH000400: Using dialect: org.hibernate.dialect.MySQL5Dialect
2025-04-13 19:55:09.753  INFO 24836 --- [restartedMain] o.h.e.t.j.p.i.JtaPlatformInitiator       : HHH000490: Using JtaPlatform implementation: [org.hibernate.engine.transaction.jta.platform.internal.NoJtaPlatform]
2025-04-13 19:55:09.761  INFO 24836 --- [restartedMain] j.LocalContainerEntityManagerFactoryBean : Initialized JPA EntityManagerFactory for persistence unit 'default'
2025-04-13 19:55:10.129  WARN 24836 --- [restartedMain] JpaBaseConfiguration$JpaWebConfiguration : spring.jpa.open-in-view is enabled by default. Therefore, database queries may be performed during view rendering. Explicitly configure spring.jpa.open-in-view to disable this warning
2025-04-13 19:55:10.203  WARN 24836 --- [restartedMain] o.s.s.c.a.web.builders.WebSecurity       : You are asking Spring Security to ignore Ant [pattern='/resources/**']. This is not recommended -- please use permitAll via HttpSecurity#authorizeHttpRequests instead.
2025-04-13 19:55:10.204  INFO 24836 --- [restartedMain] o.s.s.web.DefaultSecurityFilterChain     : Will not secure Ant [pattern='/resources/**']
2025-04-13 19:55:10.204  WARN 24836 --- [restartedMain] o.s.s.c.a.web.builders.WebSecurity       : You are asking Spring Security to ignore Ant [pattern='/static/**']. This is not recommended -- please use permitAll via HttpSecurity#authorizeHttpRequests instead.
2025-04-13 19:55:10.204  INFO 24836 --- [restartedMain] o.s.s.web.DefaultSecurityFilterChain     : Will not secure Ant [pattern='/static/**']
2025-04-13 19:55:10.204  WARN 24836 --- [restartedMain] o.s.s.c.a.web.builders.WebSecurity       : You are asking Spring Security to ignore Ant [pattern='/static/fonts/**']. This is not recommended -- please use permitAll via HttpSecurity#authorizeHttpRequests instead.
2025-04-13 19:55:10.204  INFO 24836 --- [restartedMain] o.s.s.web.DefaultSecurityFilterChain     : Will not secure Ant [pattern='/static/fonts/**']
2025-04-13 19:55:10.205  WARN 24836 --- [restartedMain] o.s.s.c.a.web.builders.WebSecurity       : You are asking Spring Security to ignore Ant [pattern='/error']. This is not recommended -- please use permitAll via HttpSecurity#authorizeHttpRequests instead.
2025-04-13 19:55:10.205  INFO 24836 --- [restartedMain] o.s.s.web.DefaultSecurityFilterChain     : Will not secure Ant [pattern='/error']
2025-04-13 19:55:10.242  INFO 24836 --- [restartedMain] o.s.s.web.DefaultSecurityFilterChain     : Will secure any request with [org.springframework.security.web.session.DisableEncodeUrlFilter@20d6bfdf, org.springframework.security.web.context.request.async.WebAsyncManagerIntegrationFilter@167d6f5e, org.springframework.security.web.context.SecurityContextPersistenceFilter@363790dd, org.springframework.security.web.header.HeaderWriterFilter@1e32a282, org.springframework.security.web.csrf.CsrfFilter@1de25055, org.springframework.security.web.authentication.logout.LogoutFilter@39b93fdb, org.springframework.security.web.authentication.UsernamePasswordAuthenticationFilter@531a80be, org.springframework.security.web.savedrequest.RequestCacheAwareFilter@60191948, org.springframework.security.web.servletapi.SecurityContextHolderAwareRequestFilter@b1fc3c9, org.springframework.security.web.authentication.rememberme.RememberMeAuthenticationFilter@7a021580, org.springframework.security.web.authentication.AnonymousAuthenticationFilter@7cb9d604, org.springframework.security.web.session.SessionManagementFilter@5ac6840c, org.springframework.security.web.access.ExceptionTranslationFilter@7bf25c17, org.springframework.security.web.access.intercept.FilterSecurityInterceptor@5681c323]
2025-04-13 19:55:10.578  INFO 24836 --- [restartedMain] o.s.b.d.a.OptionalLiveReloadServer       : LiveReload server is running on port 35729
2025-04-13 19:55:10.606  INFO 24836 --- [restartedMain] o.s.b.w.embedded.tomcat.TomcatWebServer  : Tomcat started on port(s): 8085 (http) with context path ''
2025-04-13 19:55:10.614  INFO 24836 --- [restartedMain] c.e.paymybuddy.PaymybuddyApplication     : Started PaymybuddyApplication in 3.316 seconds (JVM running for 3.887)
2025-04-13 19:55:35.873  INFO 24836 --- [http-nio-8085-exec-1] o.a.c.c.C.[Tomcat].[localhost].[/]       : Initializing Spring DispatcherServlet 'dispatcherServlet'
2025-04-13 19:55:35.873  INFO 24836 --- [http-nio-8085-exec-1] o.s.web.servlet.DispatcherServlet        : Initializing Servlet 'dispatcherServlet'
2025-04-13 19:55:35.874  INFO 24836 --- [http-nio-8085-exec-1] o.s.web.servlet.DispatcherServlet        : Completed initialization in 1 ms
2025-04-13 19:56:03.767  INFO 24836 --- [http-nio-8085-exec-5] c.e.p.controller.HomeController          : Controller: Success. HTTP GET request received at /home URL.Curent user: igor@gmail.com
2025-04-13 19:56:04.056  INFO 24836 --- [http-nio-8085-exec-1] c.e.p.controller.HomeController          : Controller: Success. HTTP GET request received at /home URL.Curent user: igor@gmail.com
2025-04-13 20:03:31.774  INFO 24836 --- [http-nio-8085-exec-8] c.e.p.controller.SecurityController      : Controller: Displaying login form
2025-04-13 20:03:31.807  INFO 24836 --- [http-nio-8085-exec-2] c.e.p.controller.SecurityController      : Controller: Displaying login form
2025-04-13 20:03:44.073  INFO 24836 --- [http-nio-8085-exec-7] c.e.p.controller.HomeController          : Controller: Success. HTTP GET request received at /home URL.Curent user: igor@gmail.com
2025-04-13 20:04:07.805  INFO 24836 --- [http-nio-8085-exec-5] c.e.p.controller.HomeController          : Controller: Success. HTTP GET request received at /home URL.Curent user: igor@gmail.com
2025-04-13 20:04:21.734  INFO 24836 --- [http-nio-8085-exec-1] c.e.p.controller.HomeController          : Controller: Success. HTTP GET request received at /home URL.Curent user: igor@gmail.com
2025-04-13 20:04:43.546  INFO 24836 --- [http-nio-8085-exec-1] c.e.p.controller.SecurityController      : Controller: Displaying login form
2025-04-13 20:04:43.902  INFO 24836 --- [http-nio-8085-exec-6] c.e.p.controller.SecurityController      : Controller: Displaying login form
2025-04-13 20:11:54.018  INFO 24836 --- [http-nio-8085-exec-4] c.e.p.controller.SecurityController      : Controller: Displaying login form
2025-04-13 20:11:54.074  INFO 24836 --- [http-nio-8085-exec-7] c.e.p.controller.SecurityController      : Controller: Displaying login form
2025-04-13 20:12:12.862  INFO 24836 --- [http-nio-8085-exec-5] c.e.p.controller.HomeController          : Controller: Success. HTTP GET request received at /home URL.Curent user: igor@gmail.com
2025-04-13 20:12:53.719  INFO 24836 --- [SpringApplicationShutdownHook] j.LocalContainerEntityManagerFactoryBean : Closing JPA EntityManagerFactory for persistence unit 'default'
2025-04-13 20:12:53.722  INFO 24836 --- [SpringApplicationShutdownHook] com.zaxxer.hikari.HikariDataSource       : HikariPool-1 - Shutdown initiated...
2025-04-13 20:12:53.728  INFO 24836 --- [SpringApplicationShutdownHook] com.zaxxer.hikari.HikariDataSource       : HikariPool-1 - Shutdown completed.
2025-04-13 20:12:56.119  INFO 8396 --- [restartedMain] c.e.paymybuddy.PaymybuddyApplication     : Starting PaymybuddyApplication using Java 17.0.6 on LAPTOP-PN5D3RE4 with PID 8396 (D:\prog_web\prog\Project 6\Practice\my_project\portfolio\code production\target\classes started by igoro in D:\prog_web\prog\Project 6\Practice\my_project\portfolio\code production)
2025-04-13 20:12:56.121  INFO 8396 --- [restartedMain] c.e.paymybuddy.PaymybuddyApplication     : The following 1 profile is active: "dev"
2025-04-13 20:12:56.164  INFO 8396 --- [restartedMain] .e.DevToolsPropertyDefaultsPostProcessor : Devtools property defaults active! Set 'spring.devtools.add-properties' to 'false' to disable
2025-04-13 20:12:56.166  INFO 8396 --- [restartedMain] .e.DevToolsPropertyDefaultsPostProcessor : For additional web related logging consider setting the 'logging.level.web' property to 'DEBUG'
2025-04-13 20:12:56.672  INFO 8396 --- [restartedMain] .s.d.r.c.RepositoryConfigurationDelegate : Multiple Spring Data modules found, entering strict repository configuration mode
2025-04-13 20:12:56.673  INFO 8396 --- [restartedMain] .s.d.r.c.RepositoryConfigurationDelegate : Bootstrapping Spring Data JDBC repositories in DEFAULT mode.
2025-04-13 20:12:56.691  INFO 8396 --- [restartedMain] .RepositoryConfigurationExtensionSupport : Spring Data JDBC - Could not safely identify store assignment for repository candidate interface com.example.paymybuddy.dao.IContactRepository; If you want this repository to be a JDBC repository, consider annotating your entities with one of these annotations: org.springframework.data.relational.core.mapping.Table.
2025-04-13 20:12:56.693  INFO 8396 --- [restartedMain] .RepositoryConfigurationExtensionSupport : Spring Data JDBC - Could not safely identify store assignment for repository candidate interface com.example.paymybuddy.dao.IRefillBalanceRepository; If you want this repository to be a JDBC repository, consider annotating your entities with one of these annotations: org.springframework.data.relational.core.mapping.Table.
2025-04-13 20:12:56.694  INFO 8396 --- [restartedMain] .RepositoryConfigurationExtensionSupport : Spring Data JDBC - Could not safely identify store assignment for repository candidate interface com.example.paymybuddy.dao.ITransactionRepository; If you want this repository to be a JDBC repository, consider annotating your entities with one of these annotations: org.springframework.data.relational.core.mapping.Table.
2025-04-13 20:12:56.695  INFO 8396 --- [restartedMain] .RepositoryConfigurationExtensionSupport : Spring Data JDBC - Could not safely identify store assignment for repository candidate interface com.example.paymybuddy.dao.IUserListRepository; If you want this repository to be a JDBC repository, consider annotating your entities with one of these annotations: org.springframework.data.relational.core.mapping.Table.
2025-04-13 20:12:56.696  INFO 8396 --- [restartedMain] .RepositoryConfigurationExtensionSupport : Spring Data JDBC - Could not safely identify store assignment for repository candidate interface com.example.paymybuddy.dao.IUserRepository; If you want this repository to be a JDBC repository, consider annotating your entities with one of these annotations: org.springframework.data.relational.core.mapping.Table.
2025-04-13 20:12:56.696  INFO 8396 --- [restartedMain] .s.d.r.c.RepositoryConfigurationDelegate : Finished Spring Data repository scanning in 21 ms. Found 0 JDBC repository interfaces.
2025-04-13 20:12:56.702  INFO 8396 --- [restartedMain] .s.d.r.c.RepositoryConfigurationDelegate : Multiple Spring Data modules found, entering strict repository configuration mode
2025-04-13 20:12:56.702  INFO 8396 --- [restartedMain] .s.d.r.c.RepositoryConfigurationDelegate : Bootstrapping Spring Data JPA repositories in DEFAULT mode.
2025-04-13 20:12:56.727  INFO 8396 --- [restartedMain] .s.d.r.c.RepositoryConfigurationDelegate : Finished Spring Data repository scanning in 21 ms. Found 5 JPA repository interfaces.
2025-04-13 20:12:57.155  INFO 8396 --- [restartedMain] o.s.b.w.embedded.tomcat.TomcatWebServer  : Tomcat initialized with port(s): 8085 (http)
2025-04-13 20:12:57.161  INFO 8396 --- [restartedMain] o.apache.catalina.core.StandardService   : Starting service [Tomcat]
2025-04-13 20:12:57.162  INFO 8396 --- [restartedMain] org.apache.catalina.core.StandardEngine  : Starting Servlet engine: [Apache Tomcat/9.0.71]
2025-04-13 20:12:57.240  INFO 8396 --- [restartedMain] o.a.c.c.C.[Tomcat].[localhost].[/]       : Initializing Spring embedded WebApplicationContext
2025-04-13 20:12:57.240  INFO 8396 --- [restartedMain] w.s.c.ServletWebServerApplicationContext : Root WebApplicationContext: initialization completed in 1073 ms
2025-04-13 20:12:57.261  INFO 8396 --- [restartedMain] com.zaxxer.hikari.HikariDataSource       : HikariPool-1 - Starting...
2025-04-13 20:12:57.478  INFO 8396 --- [restartedMain] com.zaxxer.hikari.HikariDataSource       : HikariPool-1 - Start completed.
2025-04-13 20:12:57.485  INFO 8396 --- [restartedMain] o.s.b.a.h2.H2ConsoleAutoConfiguration    : H2 console available at '/h2-console'. Database available at 'jdbc:mysql://localhost:3306/dbpaymybuddy'
2025-04-13 20:12:57.610  INFO 8396 --- [restartedMain] o.hibernate.jpa.internal.util.LogHelper  : HHH000204: Processing PersistenceUnitInfo [name: default]
2025-04-13 20:12:57.659  INFO 8396 --- [restartedMain] org.hibernate.Version                    : HHH000412: Hibernate ORM core version 5.6.15.Final
2025-04-13 20:12:57.782  INFO 8396 --- [restartedMain] o.hibernate.annotations.common.Version   : HCANN000001: Hibernate Commons Annotations {5.1.2.Final}
2025-04-13 20:12:57.858  INFO 8396 --- [restartedMain] org.hibernate.dialect.Dialect            : HHH000400: Using dialect: org.hibernate.dialect.MySQL5Dialect
2025-04-13 20:12:58.272  INFO 8396 --- [restartedMain] o.h.e.t.j.p.i.JtaPlatformInitiator       : HHH000490: Using JtaPlatform implementation: [org.hibernate.engine.transaction.jta.platform.internal.NoJtaPlatform]
2025-04-13 20:12:58.279  INFO 8396 --- [restartedMain] j.LocalContainerEntityManagerFactoryBean : Initialized JPA EntityManagerFactory for persistence unit 'default'
2025-04-13 20:12:58.624  WARN 8396 --- [restartedMain] JpaBaseConfiguration$JpaWebConfiguration : spring.jpa.open-in-view is enabled by default. Therefore, database queries may be performed during view rendering. Explicitly configure spring.jpa.open-in-view to disable this warning
2025-04-13 20:12:58.692  WARN 8396 --- [restartedMain] o.s.s.c.a.web.builders.WebSecurity       : You are asking Spring Security to ignore Ant [pattern='/resources/**']. This is not recommended -- please use permitAll via HttpSecurity#authorizeHttpRequests instead.
2025-04-13 20:12:58.692  INFO 8396 --- [restartedMain] o.s.s.web.DefaultSecurityFilterChain     : Will not secure Ant [pattern='/resources/**']
2025-04-13 20:12:58.693  WARN 8396 --- [restartedMain] o.s.s.c.a.web.builders.WebSecurity       : You are asking Spring Security to ignore Ant [pattern='/static/**']. This is not recommended -- please use permitAll via HttpSecurity#authorizeHttpRequests instead.
2025-04-13 20:12:58.693  INFO 8396 --- [restartedMain] o.s.s.web.DefaultSecurityFilterChain     : Will not secure Ant [pattern='/static/**']
2025-04-13 20:12:58.693  WARN 8396 --- [restartedMain] o.s.s.c.a.web.builders.WebSecurity       : You are asking Spring Security to ignore Ant [pattern='/static/fonts/**']. This is not recommended -- please use permitAll via HttpSecurity#authorizeHttpRequests instead.
2025-04-13 20:12:58.693  INFO 8396 --- [restartedMain] o.s.s.web.DefaultSecurityFilterChain     : Will not secure Ant [pattern='/static/fonts/**']
2025-04-13 20:12:58.693  WARN 8396 --- [restartedMain] o.s.s.c.a.web.builders.WebSecurity       : You are asking Spring Security to ignore Ant [pattern='/error']. This is not recommended -- please use permitAll via HttpSecurity#authorizeHttpRequests instead.
2025-04-13 20:12:58.693  INFO 8396 --- [restartedMain] o.s.s.web.DefaultSecurityFilterChain     : Will not secure Ant [pattern='/error']
2025-04-13 20:12:58.724  INFO 8396 --- [restartedMain] o.s.s.web.DefaultSecurityFilterChain     : Will secure any request with [org.springframework.security.web.session.DisableEncodeUrlFilter@1763f530, org.springframework.security.web.context.request.async.WebAsyncManagerIntegrationFilter@302884bd, org.springframework.security.web.context.SecurityContextPersistenceFilter@719a0df1, org.springframework.security.web.header.HeaderWriterFilter@2064fed7, org.springframework.security.web.csrf.CsrfFilter@685897f7, org.springframework.security.web.authentication.logout.LogoutFilter@21fe91bf, org.springframework.security.web.authentication.UsernamePasswordAuthenticationFilter@48c836e4, org.springframework.security.web.savedrequest.RequestCacheAwareFilter@326bdaf0, org.springframework.security.web.servletapi.SecurityContextHolderAwareRequestFilter@27376215, org.springframework.security.web.authentication.rememberme.RememberMeAuthenticationFilter@208557e2, org.springframework.security.web.authentication.AnonymousAuthenticationFilter@3a98ef1d, org.springframework.security.web.session.SessionManagementFilter@57df3bd9, org.springframework.security.web.access.ExceptionTranslationFilter@416d49b8, org.springframework.security.web.access.intercept.FilterSecurityInterceptor@639e4d6c]
2025-04-13 20:12:59.047  INFO 8396 --- [restartedMain] o.s.b.d.a.OptionalLiveReloadServer       : LiveReload server is running on port 35729
2025-04-13 20:12:59.073  INFO 8396 --- [restartedMain] o.s.b.w.embedded.tomcat.TomcatWebServer  : Tomcat started on port(s): 8085 (http) with context path ''
2025-04-13 20:12:59.081  INFO 8396 --- [restartedMain] c.e.paymybuddy.PaymybuddyApplication     : Started PaymybuddyApplication in 3.265 seconds (JVM running for 3.871)
2025-04-13 20:13:01.732  INFO 8396 --- [http-nio-8085-exec-1] o.a.c.c.C.[Tomcat].[localhost].[/]       : Initializing Spring DispatcherServlet 'dispatcherServlet'
2025-04-13 20:13:01.732  INFO 8396 --- [http-nio-8085-exec-1] o.s.web.servlet.DispatcherServlet        : Initializing Servlet 'dispatcherServlet'
2025-04-13 20:13:01.733  INFO 8396 --- [http-nio-8085-exec-1] o.s.web.servlet.DispatcherServlet        : Completed initialization in 1 ms
2025-04-13 20:13:01.904  INFO 8396 --- [http-nio-8085-exec-1] c.e.p.controller.HomeController          : Controller: Success. HTTP GET request received at /home URL.Curent user: igor@gmail.com
2025-04-13 20:13:08.744  INFO 8396 --- [http-nio-8085-exec-1] c.e.p.controller.HomeController          : Controller: Success. HTTP GET request received at /home URL.Curent user: igor@gmail.com
2025-04-13 20:13:15.252  INFO 8396 --- [http-nio-8085-exec-1] c.e.p.controller.HomeController          : Controller: Success. HTTP GET request received at /home URL.Curent user: igor@gmail.com
2025-04-13 20:13:47.150  INFO 8396 --- [http-nio-8085-exec-2] c.e.p.controller.SecurityController      : Controller: Displaying login form
2025-04-13 20:13:47.679  INFO 8396 --- [http-nio-8085-exec-7] c.e.p.controller.SecurityController      : Controller: Displaying login form
2025-04-13 20:14:03.156  INFO 8396 --- [http-nio-8085-exec-5] c.e.p.controller.SecurityController      : Controller: Displaying login form
2025-04-13 20:14:03.210  INFO 8396 --- [http-nio-8085-exec-2] c.e.p.controller.SecurityController      : Controller: Displaying login form
2025-04-13 20:14:46.054  INFO 8396 --- [http-nio-8085-exec-1] c.e.p.controller.HomeController          : Controller: Success. HTTP GET request received at /home URL.Curent user: igor@gmail.com
2025-04-13 20:16:12.014  INFO 8396 --- [http-nio-8085-exec-3] c.e.p.controller.HomeController          : Controller: Success. HTTP GET request received at /home URL.Curent user: igor@gmail.com
2025-04-13 20:16:12.194  INFO 8396 --- [http-nio-8085-exec-10] c.e.p.controller.HomeController          : Controller: Success. HTTP GET request received at /home URL.Curent user: igor@gmail.com
2025-04-13 20:21:11.960  INFO 8396 --- [http-nio-8085-exec-10] c.e.p.controller.SecurityController      : Controller: Displaying login form
2025-04-13 20:21:12.358  INFO 8396 --- [http-nio-8085-exec-4] c.e.p.controller.SecurityController      : Controller: Displaying login form
2025-04-13 20:21:12.360  INFO 8396 --- [http-nio-8085-exec-1] c.e.p.controller.SecurityController      : Controller: Displaying login form
2025-04-13 20:21:12.414  INFO 8396 --- [http-nio-8085-exec-3] c.e.p.controller.SecurityController      : Controller: Displaying login form
2025-04-13 20:21:12.414  INFO 8396 --- [http-nio-8085-exec-8] c.e.p.controller.SecurityController      : Controller: Displaying login form
2025-04-13 20:21:12.494  INFO 8396 --- [http-nio-8085-exec-1] c.e.p.controller.SecurityController      : Controller: Displaying login form
2025-04-13 20:21:12.496  INFO 8396 --- [http-nio-8085-exec-2] c.e.p.controller.SecurityController      : Controller: Displaying login form
2025-04-13 20:21:12.539  INFO 8396 --- [http-nio-8085-exec-3] c.e.p.controller.SecurityController      : Controller: Displaying login form
2025-04-13 20:21:12.556  INFO 8396 --- [http-nio-8085-exec-8] c.e.p.controller.SecurityController      : Controller: Displaying login form
2025-04-13 20:21:12.592  INFO 8396 --- [http-nio-8085-exec-4] c.e.p.controller.SecurityController      : Controller: Displaying login form
2025-04-13 20:21:37.309  INFO 8396 --- [http-nio-8085-exec-5] c.e.p.controller.HomeController          : Controller: Success. HTTP GET request received at /home URL.Curent user: igor@gmail.com
2025-04-13 20:22:00.013  INFO 8396 --- [http-nio-8085-exec-8] c.e.p.controller.HomeController          : Controller: Success. HTTP GET request received at /home URL.Curent user: igor@gmail.com
2025-04-13 20:22:02.100  INFO 8396 --- [http-nio-8085-exec-10] c.e.p.controller.HomeController          : Controller: Success. HTTP GET request received at /home URL.Curent user: igor@gmail.com
2025-04-13 20:22:02.986  INFO 8396 --- [http-nio-8085-exec-5] c.e.p.controller.TransactionController   : Controller: Success. HTTP GET request received at /transaction URL
2025-04-13 20:22:11.276  INFO 8396 --- [http-nio-8085-exec-2] c.e.p.controller.ProfileController       : Controller: Success. HTTP GET request received at /profile URL. Current user: igor@gmail.com
2025-04-13 20:22:16.316  INFO 8396 --- [http-nio-8085-exec-4] c.e.p.controller.ContactController       : Controller: Success. HTTP GET request received at /contacts URL
2025-04-13 20:22:42.811  INFO 8396 --- [http-nio-8085-exec-9] c.e.p.controller.ContactController       : Controller: Success. HTTP GET request received at /contacts URL
2025-04-13 20:25:02.964  INFO 8396 --- [http-nio-8085-exec-3] c.e.p.controller.ContactController       : Controller: Success. HTTP GET request received at /contacts URL
2025-04-13 20:25:03.208  INFO 8396 --- [http-nio-8085-exec-10] c.e.p.controller.ContactController       : Controller: Success. HTTP GET request received at /contacts URL
2025-04-13 20:25:08.508  INFO 8396 --- [File Watcher] rtingClassPathChangeChangedEventListener : Restarting due to 1 class path change (0 additions, 0 deletions, 1 modification)
2025-04-13 20:25:08.532  INFO 8396 --- [Thread-5] o.apache.catalina.core.StandardService   : Stopping service [Tomcat]
2025-04-13 20:25:08.533  INFO 8396 --- [Thread-5] o.a.c.c.C.[Tomcat].[localhost].[/]       : Destroying Spring FrameworkServlet 'dispatcherServlet'
2025-04-13 20:25:08.544  INFO 8396 --- [Thread-5] j.LocalContainerEntityManagerFactoryBean : Closing JPA EntityManagerFactory for persistence unit 'default'
2025-04-13 20:25:08.547  INFO 8396 --- [Thread-5] com.zaxxer.hikari.HikariDataSource       : HikariPool-1 - Shutdown initiated...
2025-04-13 20:25:08.556  INFO 8396 --- [Thread-5] com.zaxxer.hikari.HikariDataSource       : HikariPool-1 - Shutdown completed.
2025-04-13 20:25:08.644  INFO 8396 --- [restartedMain] c.e.paymybuddy.PaymybuddyApplication     : Starting PaymybuddyApplication using Java 17.0.6 on LAPTOP-PN5D3RE4 with PID 8396 (D:\prog_web\prog\Project 6\Practice\my_project\portfolio\code production\target\classes started by igoro in D:\prog_web\prog\Project 6\Practice\my_project\portfolio\code production)
2025-04-13 20:25:08.644  INFO 8396 --- [restartedMain] c.e.paymybuddy.PaymybuddyApplication     : The following 1 profile is active: "dev"
2025-04-13 20:25:08.789  INFO 8396 --- [restartedMain] .s.d.r.c.RepositoryConfigurationDelegate : Multiple Spring Data modules found, entering strict repository configuration mode
2025-04-13 20:25:08.789  INFO 8396 --- [restartedMain] .s.d.r.c.RepositoryConfigurationDelegate : Bootstrapping Spring Data JDBC repositories in DEFAULT mode.
2025-04-13 20:25:08.794  INFO 8396 --- [restartedMain] .RepositoryConfigurationExtensionSupport : Spring Data JDBC - Could not safely identify store assignment for repository candidate interface com.example.paymybuddy.dao.IContactRepository; If you want this repository to be a JDBC repository, consider annotating your entities with one of these annotations: org.springframework.data.relational.core.mapping.Table.
2025-04-13 20:25:08.795  INFO 8396 --- [restartedMain] .RepositoryConfigurationExtensionSupport : Spring Data JDBC - Could not safely identify store assignment for repository candidate interface com.example.paymybuddy.dao.IRefillBalanceRepository; If you want this repository to be a JDBC repository, consider annotating your entities with one of these annotations: org.springframework.data.relational.core.mapping.Table.
2025-04-13 20:25:08.796  INFO 8396 --- [restartedMain] .RepositoryConfigurationExtensionSupport : Spring Data JDBC - Could not safely identify store assignment for repository candidate interface com.example.paymybuddy.dao.ITransactionRepository; If you want this repository to be a JDBC repository, consider annotating your entities with one of these annotations: org.springframework.data.relational.core.mapping.Table.
2025-04-13 20:25:08.797  INFO 8396 --- [restartedMain] .RepositoryConfigurationExtensionSupport : Spring Data JDBC - Could not safely identify store assignment for repository candidate interface com.example.paymybuddy.dao.IUserListRepository; If you want this repository to be a JDBC repository, consider annotating your entities with one of these annotations: org.springframework.data.relational.core.mapping.Table.
2025-04-13 20:25:08.798  INFO 8396 --- [restartedMain] .RepositoryConfigurationExtensionSupport : Spring Data JDBC - Could not safely identify store assignment for repository candidate interface com.example.paymybuddy.dao.IUserRepository; If you want this repository to be a JDBC repository, consider annotating your entities with one of these annotations: org.springframework.data.relational.core.mapping.Table.
2025-04-13 20:25:08.798  INFO 8396 --- [restartedMain] .s.d.r.c.RepositoryConfigurationDelegate : Finished Spring Data repository scanning in 8 ms. Found 0 JDBC repository interfaces.
2025-04-13 20:25:08.800  INFO 8396 --- [restartedMain] .s.d.r.c.RepositoryConfigurationDelegate : Multiple Spring Data modules found, entering strict repository configuration mode
2025-04-13 20:25:08.801  INFO 8396 --- [restartedMain] .s.d.r.c.RepositoryConfigurationDelegate : Bootstrapping Spring Data JPA repositories in DEFAULT mode.
2025-04-13 20:25:08.809  INFO 8396 --- [restartedMain] .s.d.r.c.RepositoryConfigurationDelegate : Finished Spring Data repository scanning in 8 ms. Found 5 JPA repository interfaces.
2025-04-13 20:25:08.878  INFO 8396 --- [restartedMain] o.s.b.w.embedded.tomcat.TomcatWebServer  : Tomcat initialized with port(s): 8085 (http)
2025-04-13 20:25:08.879  INFO 8396 --- [restartedMain] o.apache.catalina.core.StandardService   : Starting service [Tomcat]
2025-04-13 20:25:08.879  INFO 8396 --- [restartedMain] org.apache.catalina.core.StandardEngine  : Starting Servlet engine: [Apache Tomcat/9.0.71]
2025-04-13 20:25:08.903  INFO 8396 --- [restartedMain] o.a.c.c.C.[Tomcat].[localhost].[/]       : Initializing Spring embedded WebApplicationContext
2025-04-13 20:25:08.903  INFO 8396 --- [restartedMain] w.s.c.ServletWebServerApplicationContext : Root WebApplicationContext: initialization completed in 257 ms
2025-04-13 20:25:08.912  INFO 8396 --- [restartedMain] com.zaxxer.hikari.HikariDataSource       : HikariPool-2 - Starting...
2025-04-13 20:25:08.924  INFO 8396 --- [restartedMain] com.zaxxer.hikari.HikariDataSource       : HikariPool-2 - Start completed.
2025-04-13 20:25:08.924  INFO 8396 --- [restartedMain] o.s.b.a.h2.H2ConsoleAutoConfiguration    : H2 console available at '/h2-console'. Database available at 'jdbc:mysql://localhost:3306/dbpaymybuddy'
2025-04-13 20:25:08.950  INFO 8396 --- [restartedMain] o.hibernate.jpa.internal.util.LogHelper  : HHH000204: Processing PersistenceUnitInfo [name: default]
2025-04-13 20:25:08.955  INFO 8396 --- [restartedMain] org.hibernate.dialect.Dialect            : HHH000400: Using dialect: org.hibernate.dialect.MySQL5Dialect
2025-04-13 20:25:08.998  INFO 8396 --- [restartedMain] o.h.e.t.j.p.i.JtaPlatformInitiator       : HHH000490: Using JtaPlatform implementation: [org.hibernate.engine.transaction.jta.platform.internal.NoJtaPlatform]
2025-04-13 20:25:08.998  INFO 8396 --- [restartedMain] j.LocalContainerEntityManagerFactoryBean : Initialized JPA EntityManagerFactory for persistence unit 'default'
2025-04-13 20:25:09.147  WARN 8396 --- [restartedMain] JpaBaseConfiguration$JpaWebConfiguration : spring.jpa.open-in-view is enabled by default. Therefore, database queries may be performed during view rendering. Explicitly configure spring.jpa.open-in-view to disable this warning
2025-04-13 20:25:09.160  WARN 8396 --- [restartedMain] o.s.s.c.a.web.builders.WebSecurity       : You are asking Spring Security to ignore Ant [pattern='/resources/**']. This is not recommended -- please use permitAll via HttpSecurity#authorizeHttpRequests instead.
2025-04-13 20:25:09.161  INFO 8396 --- [restartedMain] o.s.s.web.DefaultSecurityFilterChain     : Will not secure Ant [pattern='/resources/**']
2025-04-13 20:25:09.161  WARN 8396 --- [restartedMain] o.s.s.c.a.web.builders.WebSecurity       : You are asking Spring Security to ignore Ant [pattern='/static/**']. This is not recommended -- please use permitAll via HttpSecurity#authorizeHttpRequests instead.
2025-04-13 20:25:09.161  INFO 8396 --- [restartedMain] o.s.s.web.DefaultSecurityFilterChain     : Will not secure Ant [pattern='/static/**']
2025-04-13 20:25:09.161  WARN 8396 --- [restartedMain] o.s.s.c.a.web.builders.WebSecurity       : You are asking Spring Security to ignore Ant [pattern='/static/fonts/**']. This is not recommended -- please use permitAll via HttpSecurity#authorizeHttpRequests instead.
2025-04-13 20:25:09.161  INFO 8396 --- [restartedMain] o.s.s.web.DefaultSecurityFilterChain     : Will not secure Ant [pattern='/static/fonts/**']
2025-04-13 20:25:09.161  WARN 8396 --- [restartedMain] o.s.s.c.a.web.builders.WebSecurity       : You are asking Spring Security to ignore Ant [pattern='/error']. This is not recommended -- please use permitAll via HttpSecurity#authorizeHttpRequests instead.
2025-04-13 20:25:09.161  INFO 8396 --- [restartedMain] o.s.s.web.DefaultSecurityFilterChain     : Will not secure Ant [pattern='/error']
2025-04-13 20:25:09.166  INFO 8396 --- [restartedMain] o.s.s.web.DefaultSecurityFilterChain     : Will secure any request with [org.springframework.security.web.session.DisableEncodeUrlFilter@62df9d2b, org.springframework.security.web.context.request.async.WebAsyncManagerIntegrationFilter@71ff438f, org.springframework.security.web.context.SecurityContextPersistenceFilter@8d8efdd, org.springframework.security.web.header.HeaderWriterFilter@7c286124, org.springframework.security.web.csrf.CsrfFilter@7da0a0ea, org.springframework.security.web.authentication.logout.LogoutFilter@64b15ae3, org.springframework.security.web.authentication.UsernamePasswordAuthenticationFilter@3260d50d, org.springframework.security.web.savedrequest.RequestCacheAwareFilter@59baa61d, org.springframework.security.web.servletapi.SecurityContextHolderAwareRequestFilter@6624cd4f, org.springframework.security.web.authentication.rememberme.RememberMeAuthenticationFilter@5d915fbc, org.springframework.security.web.authentication.AnonymousAuthenticationFilter@26448eb3, org.springframework.security.web.session.SessionManagementFilter@7087b6d7, org.springframework.security.web.access.ExceptionTranslationFilter@2ea6b30, org.springframework.security.web.access.intercept.FilterSecurityInterceptor@6f3f919e]
2025-04-13 20:25:09.269  INFO 8396 --- [restartedMain] o.s.b.d.a.OptionalLiveReloadServer       : LiveReload server is running on port 35729
2025-04-13 20:25:09.278  INFO 8396 --- [restartedMain] o.s.b.w.embedded.tomcat.TomcatWebServer  : Tomcat started on port(s): 8085 (http) with context path ''
2025-04-13 20:25:09.281  INFO 8396 --- [restartedMain] c.e.paymybuddy.PaymybuddyApplication     : Started PaymybuddyApplication in 0.662 seconds (JVM running for 734.071)
2025-04-13 20:25:09.283  INFO 8396 --- [restartedMain] .ConditionEvaluationDeltaLoggingListener : Condition evaluation unchanged
2025-04-13 20:25:09.745  INFO 8396 --- [http-nio-8085-exec-1] o.a.c.c.C.[Tomcat].[localhost].[/]       : Initializing Spring DispatcherServlet 'dispatcherServlet'
2025-04-13 20:25:09.746  INFO 8396 --- [http-nio-8085-exec-1] o.s.web.servlet.DispatcherServlet        : Initializing Servlet 'dispatcherServlet'
2025-04-13 20:25:09.747  INFO 8396 --- [http-nio-8085-exec-1] o.s.web.servlet.DispatcherServlet        : Completed initialization in 1 ms
2025-04-13 20:25:09.796  WARN 8396 --- [http-nio-8085-exec-1] c.e.p.controller.ContactController       : Controller: Warning. Contact already in a contact list
2025-04-13 20:25:09.912  WARN 8396 --- [http-nio-8085-exec-3] .w.s.m.s.DefaultHandlerExceptionResolver : Resolved [org.springframework.web.HttpRequestMethodNotSupportedException: Request method 'GET' not supported]
2025-04-13 20:42:18.903  INFO 8396 --- [SpringApplicationShutdownHook] j.LocalContainerEntityManagerFactoryBean : Closing JPA EntityManagerFactory for persistence unit 'default'
2025-04-13 20:42:18.903  INFO 8396 --- [SpringApplicationShutdownHook] com.zaxxer.hikari.HikariDataSource       : HikariPool-2 - Shutdown initiated...
2025-04-13 20:42:18.908  INFO 8396 --- [SpringApplicationShutdownHook] com.zaxxer.hikari.HikariDataSource       : HikariPool-2 - Shutdown completed.
